
___Entering new scope...


___Entering new scope...

___Adding x to symbol table
___Adding y to symbol table

___Exiting scope...

___Adding sub to symbol table
Line 3: Arg 1 must be integer

Bye!
