EXPR type is: INT_OR_BOOL
---- Completed parsing ----


Bye!
