EXPR type is: INT
---- Completed parsing ----


Bye!
