EXPR type is: INT_OR_STR
---- Completed parsing ----


Bye!
