
___Entering new scope...

___Adding x to symbol table
___Adding y to symbol table

___Entering new scope...

___Adding x to symbol table
___Adding y to symbol table

___Exiting scope...

___Adding z to symbol table
Line 7: Arg 1 cannot be a function

Bye!
