
___Entering new scope...

___Adding x to symbol table
___Adding y to symbol table
___Adding z to symbol table

___Exiting scope...

Line 1: Too many parameters in function call

Bye!
