
___Entering new scope...


___Exiting scope...

EXPR type is: FUNCTION
---- Completed parsing ----


Bye!
