
___Entering new scope...


___Exiting scope...

Line 1: Too many parameters in function call

Bye!
