
___Entering new scope...


___Entering new scope...

___Adding x to symbol table

___Exiting scope...

___Adding f to symbol table

___Exiting scope...

EXPR type is: INT
---- Completed parsing ----


Bye!
