
___Entering new scope...


___Exiting scope...

EXPR type is: INT
---- Completed parsing ----


Bye!
