
___Entering new scope...


___Entering new scope...


___Exiting scope...


___Exiting scope...

Line 2: Arg 2 cannot be a function

Bye!
