
___Entering new scope...


___Entering new scope...


___Exiting scope...

___Adding f0 to symbol table

___Entering new scope...

___Adding x to symbol table

___Exiting scope...

___Adding f1 to symbol table

___Entering new scope...

___Adding x1 to symbol table
___Adding x2 to symbol table
___Adding x3 to symbol table
___Adding x4 to symbol table
___Adding x5 to symbol table
___Adding x6 to symbol table
___Adding x7 to symbol table
___Adding x8 to symbol table
___Adding x9 to symbol table

___Exiting scope...

___Adding fn to symbol table

___Exiting scope...

EXPR type is: STR
---- Completed parsing ----


Bye!
