
___Entering new scope...


___Exiting scope...

EXPR type is: INT_OR_STR
---- Completed parsing ----


Bye!
