
___Entering new scope...


___Exiting scope...

EXPR type is: STR
---- Completed parsing ----


Bye!
