
---- Completed parsing ----


Value of the expression is: t

Bye!
