
___Entering new scope...


___Exiting scope...

Line 1: Arg 2 cannot be a function

Bye!
