
___Entering new scope...


___Exiting scope...

Line 1: Arg 1 cannot be a function

Bye!
