
___Entering new scope...

___Adding x to symbol table
___Adding y to symbol table

___Exiting scope...

Line 1: Arg 1 cannot be a function

Bye!
