EXPR type is: STR
---- Completed parsing ----


Bye!
