EXPR type is: BOOL
---- Completed parsing ----


Bye!
