
___Entering new scope...

___Adding s to symbol table

___Exiting scope...

EXPR type is: STR
---- Completed parsing ----


Bye!
