
___Entering new scope...


___Exiting scope...

Line 1: Arg 2 must be integer or string

Bye!
