
___Entering new scope...


___Exiting scope...

Line 1: Arg 1 must be integer or string

Bye!
